RCUTIL_0.0.0 {
  global:
    # debug.c
    rc_log_domain;
    rc_debug_enabled;
    rc_errno_set;
    rc_errno_clear;
    rc_errno_get;
    rc_errno_is_set;
    debug_message;
    check_ptr;
    check_str;
    check_strv;
    check_fd;
    check_fp;
    __check_arg_ptr;
    __check_arg_str;
    __check_arg_strv;
    __check_arg_fd;
    __check_arg_fp;
    __xcalloc;
    __xmalloc;
    __xrealloc;
    __xstrndup;

    # config.c
    rc_get_cnf_entry;
    rc_get_list_file;

    # dynbuf.c
    rc_dynbuf_new;
    rc_dynbuf_new_mmap_file;
    rc_dynbuf_free;
    rc_dynbuf_write;
    rc_dynbuf_write_fd;
    rc_dynbuf_sprintf;
    rc_dynbuf_read;
    rc_dynbuf_read_fd;
    rc_dynbuf_read_line;
    rc_dynbuf_read_eof;
    rc_check_dynbuf;
    __rc_check_arg_dynbuf;

    # file.c
    rc_file_exists;
    rc_is_file;
    rc_is_link;
    rc_is_dir;
    rc_get_mtime;
    remove;
    rc_mktree;
    rc_rmtree;
    rc_ls_dir;
    rc_file_map;
    rc_file_unmap;

    # simple-regex.c
    match;

    # string.c
    rc_memrepchr;
    rc_strcatpaths;
    rc_strndup;
    rc_basename;

  local:
    *;
};
